// Jest Snapshot v1, https://goo.gl/fbAQLP

exports[`ObservationForms Rendering and Structure should match the snapshot 1`] = `
<div>
  <div
    class="observationFormsTile"
    data-testid="tile"
  >
    <div
      class="observationFormsTitle"
      data-testid="observation-forms-title"
    >
      translated_OBSERVATION_FORMS_SECTION_TITLE
    </div>
    <div
      data-testid="observation-forms-search-section"
    >
      <div
        data-testid="combobox"
      >
        <input
          data-testid="combobox-input"
          placeholder="translated_OBSERVATION_FORMS_SEARCH_PLACEHOLDER"
        />
        <div
          data-testid="combobox-items"
        >
          <button
            data-testid="combobox-item-form-1"
          >
            Admission Letter
          </button>
          <button
            data-testid="combobox-item-form-2"
          >
            Death Note
          </button>
        </div>
      </div>
    </div>
    <div
      data-testid="pinned-forms-section"
    >
      <div
        data-testid="form-card-container"
      >
        <div
          data-testid="form-card-container-title"
        >
          translated_DEFAULT_AND_PINNED_FORMS_TITLE
        </div>
        <div
          data-testid="no-forms-message"
        >
          translated_DEFAULT_AND_PINNED_FORMS_NO_FORMS_FOUND
        </div>
      </div>
    </div>
  </div>
</div>
`;
