// Jest Snapshot v1, https://goo.gl/fbAQLP

exports[`ConsultationPage Rendering and Structure should match the snapshot 1`] = `
<div>
  <div
    data-layout-variant="default"
    data-testid="mocked-clinical-layout"
  >
    <div
      data-testid="mocked-header"
    >
      <div
        data-testid="mocked-header-component"
      >
        <div
          data-testid="sidenav-item-vitals"
        >
          translated_VITALS_SECTION
        </div>
        <div
          data-testid="sidenav-item-medications"
        >
          translated_Medications
        </div>
        <div
          data-testid="active-sidenav-item"
        >
          Vitals
        </div>
      </div>
    </div>
    <div
      data-testid="mocked-patient-section"
    >
      <div
        aria-label="translated_PATIENT_HEADER_LABEL"
        class="header"
        data-testid="patient-header"
      >
        <div
          data-testid="mocked-patient-details"
        >
          Mocked PatientDetails
        </div>
        <button
          data-testid="carbon-button"
        >
          translated_CONSULTATION_ACTION_NEW
        </button>
      </div>
    </div>
    <div
      data-testid="mocked-sidebar"
    />
    <div
      data-testid="mocked-main-display"
    >
      <div
        data-testid="mocked-dashboard-container"
      >
        <div
          data-testid="dashboard-sections-count"
        >
          2
        </div>
        <div
          data-testid="dashboard-active-item"
        >
          Vitals
        </div>
      </div>
    </div>
  </div>
</div>
`;
