// Jest Snapshot v1, https://goo.gl/fbAQLP

exports[`MedicationsForm Snapshot Tests matches snapshot with no medications 1`] = `
<div>
  <div
    class="cds--tile medicationsFormTile"
    data-testid="medications-form-tile"
  >
    <div
      class="medicationsFormTitle"
      data-testid="medications-form-title"
    >
      Prescribe medication
    </div>
    <div
      class="cds--list-box__wrapper"
    >
      <div
        class="cds--combo-box cds--autoalign cds--list-box cds--list-box--md"
      >
        <div
          class="cds--list-box__field"
        >
          <input
            aria-activedescendant=""
            aria-autocomplete="list"
            aria-controls="downshift-_r_4a_-menu"
            aria-expanded="false"
            aria-haspopup="listbox"
            aria-label="Search to add medication"
            autocomplete="off"
            class="cds--text-input cds--text-input--empty"
            data-testid="medications-search-combobox"
            id="medications-search"
            placeholder="Search to add medication"
            role="combobox"
            tabindex="0"
            title=""
            type="text"
            value=""
          />
          <button
            aria-controls="downshift-_r_4a_-menu"
            aria-expanded="false"
            aria-label="Open"
            class="cds--list-box__menu-icon"
            id="downshift-_r_4a_-toggle-button"
            tabindex="-1"
            title="Open"
            type="button"
          >
            <svg
              aria-hidden="true"
              fill="currentColor"
              focusable="false"
              height="16"
              preserveAspectRatio="xMidYMid meet"
              viewBox="0 0 16 16"
              width="16"
              xmlns="http://www.w3.org/2000/svg"
            >
              <path
                d="M8 11L3 6 3.7 5.3 8 9.6 12.3 5.3 13 6z"
              />
            </svg>
          </button>
        </div>
        <ul
          aria-labelledby="downshift-_r_4a_-label"
          class="cds--list-box__menu"
          id="downshift-_r_4a_-menu"
          role="listbox"
          style="position: fixed; left: 0px; top: 0px; visibility: visible; transform: translate(0px, 0px);"
        />
      </div>
    </div>
  </div>
</div>
`;

exports[`MedicationsForm Snapshot Tests matches snapshot with selected medications 1`] = `
<div>
  <div
    class="cds--tile medicationsFormTile"
    data-testid="medications-form-tile"
  >
    <div
      class="medicationsFormTitle"
      data-testid="medications-form-title"
    >
      Prescribe medication
    </div>
    <div
      class="cds--list-box__wrapper"
    >
      <div
        class="cds--combo-box cds--autoalign cds--list-box cds--list-box--md"
      >
        <div
          class="cds--list-box__field"
        >
          <input
            aria-activedescendant=""
            aria-autocomplete="list"
            aria-controls="downshift-_r_4d_-menu"
            aria-expanded="false"
            aria-haspopup="listbox"
            aria-label="Search to add medication"
            autocomplete="off"
            class="cds--text-input cds--text-input--empty"
            data-testid="medications-search-combobox"
            id="medications-search"
            placeholder="Search to add medication"
            role="combobox"
            tabindex="0"
            title=""
            type="text"
            value=""
          />
          <button
            aria-controls="downshift-_r_4d_-menu"
            aria-expanded="false"
            aria-label="Open"
            class="cds--list-box__menu-icon"
            id="downshift-_r_4d_-toggle-button"
            tabindex="-1"
            title="Open"
            type="button"
          >
            <svg
              aria-hidden="true"
              fill="currentColor"
              focusable="false"
              height="16"
              preserveAspectRatio="xMidYMid meet"
              viewBox="0 0 16 16"
              width="16"
              xmlns="http://www.w3.org/2000/svg"
            >
              <path
                d="M8 11L3 6 3.7 5.3 8 9.6 12.3 5.3 13 6z"
              />
            </svg>
          </button>
        </div>
        <ul
          aria-labelledby="downshift-_r_4d_-label"
          class="cds--list-box__menu"
          id="downshift-_r_4d_-menu"
          role="listbox"
          style="position: fixed; left: 0px; top: 0px; visibility: visible; transform: translate(0px, 0px);"
        />
      </div>
    </div>
    <div
      aria-label="Added medicines"
      class="_box_1jr6a_1 medicationsBox cds--css-grid cds--css-grid--narrow cds--css-grid--full-width"
      data-testid="box-w-title"
      role="region"
    >
      <div
        class="_header_1jr6a_8 cds--sm:col-span-4 cds--md:col-span-8 cds--lg:col-span-16 cds--xlg:col-span-16 cds--css-grid-column"
      >
        Added medicines
      </div>
      <div
        class="cds--sm:col-span-4 cds--md:col-span-8 cds--lg:col-span-16 cds--xlg:col-span-16 cds--css-grid-column"
      >
        <div
          class="_grid_i0b21_1 cds--subgrid cds--subgrid--narrow"
          data-testid="selected-item"
        >
          <div
            class="_children_i0b21_9 cds--sm:col-span-3 cds--md:col-span-7 cds--lg:col-span-15 cds--xlg:col-span-15 cds--css-grid-column"
          >
            <div
              class="cds--subgrid cds--subgrid--wide"
              data-testid="selected-medication-item-grid-test-medication-1"
            >
              <div
                class="cds--sm:col-span-2 cds--md:col-span-4 cds--lg:col-span-8 cds--css-grid-column"
              >
                <span
                  data-testid="medication-name-test-medication-1"
                >
                  Paracetamol 500mg
                </span>
              </div>
              <div
                class="cds--sm:col-span-2 cds--md:col-span-4 cds--lg:col-span-8 cds--css-grid-column"
              >
                <div
                  class="cds--form-item cds--checkbox-wrapper"
                >
                  <input
                    aria-label="STAT"
                    class="cds--checkbox"
                    data-testid="medication-stat-checkbox-test-medication-1"
                    id="stat-test-medication-1"
                    type="checkbox"
                  />
                  <label
                    class="cds--checkbox-label"
                    for="stat-test-medication-1"
                    title=""
                  >
                    <span
                      class="cds--checkbox-label-text"
                      dir="auto"
                    >
                      STAT
                    </span>
                  </label>
                  <div
                    class="cds--checkbox__validation-msg"
                  />
                </div>
                <div
                  class="cds--form-item cds--checkbox-wrapper"
                >
                  <input
                    aria-label="PRN"
                    class="cds--checkbox"
                    data-testid="medication-prn-checkbox-test-medication-1"
                    id="prn-test-medication-1"
                    type="checkbox"
                  />
                  <label
                    class="cds--checkbox-label"
                    for="prn-test-medication-1"
                    title=""
                  >
                    <span
                      class="cds--checkbox-label-text"
                      dir="auto"
                    >
                      PRN
                    </span>
                  </label>
                  <div
                    class="cds--checkbox__validation-msg"
                  />
                </div>
              </div>
              <div
                class="cds--sm:col-span-2 cds--md:col-span-3 cds--lg:col-span-6 cds--css-grid-column"
              >
                <div
                  class="cds--form-item"
                >
                  <div
                    class="cds--number cds--number--helpertext cds--number--nolabel cds--number--sm"
                  >
                    <label
                      class="cds--label cds--visually-hidden"
                      dir="auto"
                      for="dosage-unit-test-medication-1"
                    >
                      Dosage
                    </label>
                    <div
                      class="cds--number__input-wrapper"
                    >
                      <input
                        aria-invalid="false"
                        aria-label="Dosage"
                        data-testid="medication-dosage-input-test-medication-1"
                        id="dosage-unit-test-medication-1"
                        inputmode="decimal"
                        min="0"
                        pattern="[0-9]*"
                        step="1"
                        type="number"
                        value="1"
                      />
                      <div
                        class="cds--number__controls"
                      >
                        <button
                          aria-label="Decrement number"
                          class="cds--number__control-btn down-icon"
                          tabindex="-1"
                          title="Decrement number"
                          type="button"
                        >
                          <svg
                            aria-hidden="true"
                            class="down-icon"
                            fill="currentColor"
                            focusable="false"
                            height="16"
                            preserveAspectRatio="xMidYMid meet"
                            viewBox="0 0 32 32"
                            width="16"
                            xmlns="http://www.w3.org/2000/svg"
                          >
                            <path
                              d="M8 15H24V17H8z"
                            />
                          </svg>
                        </button>
                        <div
                          class="cds--number__rule-divider"
                        />
                        <button
                          aria-label="Increment number"
                          class="cds--number__control-btn up-icon"
                          tabindex="-1"
                          title="Increment number"
                          type="button"
                        >
                          <svg
                            aria-hidden="true"
                            class="up-icon"
                            fill="currentColor"
                            focusable="false"
                            height="16"
                            preserveAspectRatio="xMidYMid meet"
                            viewBox="0 0 32 32"
                            width="16"
                            xmlns="http://www.w3.org/2000/svg"
                          >
                            <path
                              d="M17 15L17 8 15 8 15 15 8 15 8 17 15 17 15 24 17 24 17 17 24 17 24 15z"
                            />
                          </svg>
                        </button>
                        <div
                          class="cds--number__rule-divider"
                        />
                      </div>
                    </div>
                  </div>
                </div>
                <div
                  class="cds--dropdown__wrapper cds--list-box__wrapper"
                  data-testid="medication-dosage-unit-dropdown-test-medication-1"
                >
                  <label
                    class="cds--label cds--visually-hidden"
                    for="downshift-_r_4i_-toggle-button"
                    id="downshift-_r_4i_-label"
                  >
                    Dosage unit
                  </label>
                  <div
                    class="cds--dropdown cds--dropdown--sm cds--autoalign cds--list-box cds--list-box--sm"
                    id="dosage-unit-test-medication-1"
                  >
                    <button
                      aria-activedescendant=""
                      aria-controls="downshift-_r_4i_-menu"
                      aria-expanded="false"
                      aria-haspopup="listbox"
                      aria-label="Dosage Unit"
                      class="cds--list-box__field"
                      id="downshift-_r_4i_-toggle-button"
                      role="combobox"
                      tabindex="0"
                      title="Dosage unit"
                      type="button"
                    >
                      <span
                        class="cds--list-box__label"
                      >
                        Dosage unit
                      </span>
                      <div
                        class="cds--list-box__menu-icon"
                      >
                        <svg
                          aria-label="Open menu"
                          fill="currentColor"
                          focusable="false"
                          height="16"
                          name="chevron--down"
                          preserveAspectRatio="xMidYMid meet"
                          role="img"
                          viewBox="0 0 16 16"
                          width="16"
                          xmlns="http://www.w3.org/2000/svg"
                        >
                          <path
                            d="M8 11L3 6 3.7 5.3 8 9.6 12.3 5.3 13 6z"
                          />
                          <title>
                            Open menu
                          </title>
                        </svg>
                      </div>
                    </button>
                    <ul
                      aria-labelledby="downshift-_r_4i_-label"
                      class="cds--list-box__menu"
                      id="downshift-_r_4i_-menu"
                      role="listbox"
                      style="position: fixed; left: 0px; top: 0px; visibility: visible; transform: translate(0px, 0px);"
                    />
                  </div>
                </div>
              </div>
              <div
                class="cds--sm:col-span-1 cds--md:col-span-2 cds--lg:col-span-4 cds--css-grid-column"
              >
                <div
                  class="cds--dropdown__wrapper cds--list-box__wrapper"
                  data-testid="medication-frequency-dropdown-test-medication-1"
                >
                  <label
                    class="cds--label cds--visually-hidden"
                    for="downshift-_r_4l_-toggle-button"
                    id="downshift-_r_4l_-label"
                  >
                    Frequency
                  </label>
                  <div
                    class="cds--dropdown cds--dropdown--sm cds--autoalign cds--list-box cds--list-box--sm"
                    id="frequency-test-medication-1"
                  >
                    <button
                      aria-activedescendant=""
                      aria-controls="downshift-_r_4l_-menu"
                      aria-expanded="false"
                      aria-haspopup="listbox"
                      aria-label="Frequency"
                      class="cds--list-box__field"
                      id="downshift-_r_4l_-toggle-button"
                      role="combobox"
                      tabindex="0"
                      title="Frequency"
                      type="button"
                    >
                      <span
                        class="cds--list-box__label"
                      >
                        Frequency
                      </span>
                      <div
                        class="cds--list-box__menu-icon"
                      >
                        <svg
                          aria-label="Open menu"
                          fill="currentColor"
                          focusable="false"
                          height="16"
                          name="chevron--down"
                          preserveAspectRatio="xMidYMid meet"
                          role="img"
                          viewBox="0 0 16 16"
                          width="16"
                          xmlns="http://www.w3.org/2000/svg"
                        >
                          <path
                            d="M8 11L3 6 3.7 5.3 8 9.6 12.3 5.3 13 6z"
                          />
                          <title>
                            Open menu
                          </title>
                        </svg>
                      </div>
                    </button>
                    <ul
                      aria-labelledby="downshift-_r_4l_-label"
                      class="cds--list-box__menu"
                      id="downshift-_r_4l_-menu"
                      role="listbox"
                      style="position: fixed; left: 0px; top: 0px; visibility: visible; transform: translate(0px, 0px);"
                    />
                  </div>
                </div>
              </div>
              <div
                class="cds--sm:col-span-2 cds--md:col-span-3 cds--lg:col-span-6 cds--css-grid-column"
              >
                <div
                  class="cds--form-item"
                >
                  <div
                    class="cds--number cds--number--helpertext cds--number--nolabel cds--number--sm"
                  >
                    <label
                      class="cds--label cds--visually-hidden"
                      dir="auto"
                      for="duration-test-medication-1"
                    >
                      Duration
                    </label>
                    <div
                      class="cds--number__input-wrapper"
                    >
                      <input
                        aria-invalid="false"
                        aria-label="Duration"
                        data-testid="medication-duration-input-test-medication-1"
                        id="duration-test-medication-1"
                        inputmode="decimal"
                        min="0"
                        pattern="[0-9]*"
                        step="1"
                        type="number"
                        value="5"
                      />
                      <div
                        class="cds--number__controls"
                      >
                        <button
                          aria-label="Decrement number"
                          class="cds--number__control-btn down-icon"
                          tabindex="-1"
                          title="Decrement number"
                          type="button"
                        >
                          <svg
                            aria-hidden="true"
                            class="down-icon"
                            fill="currentColor"
                            focusable="false"
                            height="16"
                            preserveAspectRatio="xMidYMid meet"
                            viewBox="0 0 32 32"
                            width="16"
                            xmlns="http://www.w3.org/2000/svg"
                          >
                            <path
                              d="M8 15H24V17H8z"
                            />
                          </svg>
                        </button>
                        <div
                          class="cds--number__rule-divider"
                        />
                        <button
                          aria-label="Increment number"
                          class="cds--number__control-btn up-icon"
                          tabindex="-1"
                          title="Increment number"
                          type="button"
                        >
                          <svg
                            aria-hidden="true"
                            class="up-icon"
                            fill="currentColor"
                            focusable="false"
                            height="16"
                            preserveAspectRatio="xMidYMid meet"
                            viewBox="0 0 32 32"
                            width="16"
                            xmlns="http://www.w3.org/2000/svg"
                          >
                            <path
                              d="M17 15L17 8 15 8 15 15 8 15 8 17 15 17 15 24 17 24 17 17 24 17 24 15z"
                            />
                          </svg>
                        </button>
                        <div
                          class="cds--number__rule-divider"
                        />
                      </div>
                    </div>
                  </div>
                </div>
                <div
                  class="cds--dropdown__wrapper cds--list-box__wrapper"
                  data-testid="medication-duration-unit-dropdown-test-medication-1"
                >
                  <label
                    class="cds--label cds--visually-hidden"
                    for="downshift-_r_4o_-toggle-button"
                    id="downshift-_r_4o_-label"
                  >
                    Duration unit
                  </label>
                  <div
                    class="cds--dropdown cds--dropdown--sm cds--autoalign cds--list-box cds--list-box--sm"
                    id="duration-unit-test-medication-1"
                  >
                    <button
                      aria-activedescendant=""
                      aria-controls="downshift-_r_4o_-menu"
                      aria-expanded="false"
                      aria-haspopup="listbox"
                      aria-label="Duration Unit"
                      class="cds--list-box__field"
                      id="downshift-_r_4o_-toggle-button"
                      role="combobox"
                      tabindex="0"
                      title="Duration unit"
                      type="button"
                    >
                      <span
                        class="cds--list-box__label"
                      >
                        Duration unit
                      </span>
                      <div
                        class="cds--list-box__menu-icon"
                      >
                        <svg
                          aria-label="Open menu"
                          fill="currentColor"
                          focusable="false"
                          height="16"
                          name="chevron--down"
                          preserveAspectRatio="xMidYMid meet"
                          role="img"
                          viewBox="0 0 16 16"
                          width="16"
                          xmlns="http://www.w3.org/2000/svg"
                        >
                          <path
                            d="M8 11L3 6 3.7 5.3 8 9.6 12.3 5.3 13 6z"
                          />
                          <title>
                            Open menu
                          </title>
                        </svg>
                      </div>
                    </button>
                    <ul
                      aria-labelledby="downshift-_r_4o_-label"
                      class="cds--list-box__menu"
                      id="downshift-_r_4o_-menu"
                      role="listbox"
                      style="position: fixed; left: 0px; top: 0px; visibility: visible; transform: translate(0px, 0px);"
                    />
                  </div>
                </div>
              </div>
              <div
                class="cds--sm:col-span-1 cds--md:col-span-2 cds--lg:col-span-4 cds--css-grid-column"
              >
                <div
                  class="cds--dropdown__wrapper cds--list-box__wrapper"
                  data-testid="medication-instructions-dropdown-test-medication-1"
                >
                  <label
                    class="cds--label cds--visually-hidden"
                    for="downshift-_r_4r_-toggle-button"
                    id="downshift-_r_4r_-label"
                  >
                    Instructions
                  </label>
                  <div
                    class="cds--dropdown cds--dropdown--sm cds--autoalign cds--list-box cds--list-box--sm"
                    id="med-instructions-test-medication-1"
                  >
                    <button
                      aria-activedescendant=""
                      aria-controls="downshift-_r_4r_-menu"
                      aria-expanded="false"
                      aria-haspopup="listbox"
                      aria-label="Medication Instructions"
                      class="cds--list-box__field"
                      id="downshift-_r_4r_-toggle-button"
                      role="combobox"
                      tabindex="0"
                      title="Instructions"
                      type="button"
                    >
                      <span
                        class="cds--list-box__label"
                      >
                        Instructions
                      </span>
                      <div
                        class="cds--list-box__menu-icon"
                      >
                        <svg
                          aria-label="Open menu"
                          fill="currentColor"
                          focusable="false"
                          height="16"
                          name="chevron--down"
                          preserveAspectRatio="xMidYMid meet"
                          role="img"
                          viewBox="0 0 16 16"
                          width="16"
                          xmlns="http://www.w3.org/2000/svg"
                        >
                          <path
                            d="M8 11L3 6 3.7 5.3 8 9.6 12.3 5.3 13 6z"
                          />
                          <title>
                            Open menu
                          </title>
                        </svg>
                      </div>
                    </button>
                    <ul
                      aria-labelledby="downshift-_r_4r_-label"
                      class="cds--list-box__menu"
                      id="downshift-_r_4r_-menu"
                      role="listbox"
                      style="position: fixed; left: 0px; top: 0px; visibility: visible; transform: translate(0px, 0px);"
                    />
                  </div>
                </div>
              </div>
              <div
                class="cds--sm:col-span-1 cds--md:col-span-2 cds--lg:col-span-4 cds--css-grid-column"
              >
                <div
                  class="cds--dropdown__wrapper cds--list-box__wrapper"
                  data-testid="medication-route-dropdown-test-medication-1"
                >
                  <label
                    class="cds--label cds--visually-hidden"
                    for="downshift-_r_4u_-toggle-button"
                    id="downshift-_r_4u_-label"
                  >
                    Route
                  </label>
                  <div
                    class="cds--dropdown cds--dropdown--sm cds--autoalign cds--list-box cds--list-box--sm"
                    id="route-test-medication-1"
                  >
                    <button
                      aria-activedescendant=""
                      aria-controls="downshift-_r_4u_-menu"
                      aria-expanded="false"
                      aria-haspopup="listbox"
                      aria-label="Route"
                      class="cds--list-box__field"
                      id="downshift-_r_4u_-toggle-button"
                      role="combobox"
                      tabindex="0"
                      title="Route"
                      type="button"
                    >
                      <span
                        class="cds--list-box__label"
                      >
                        Route
                      </span>
                      <div
                        class="cds--list-box__menu-icon"
                      >
                        <svg
                          aria-label="Open menu"
                          fill="currentColor"
                          focusable="false"
                          height="16"
                          name="chevron--down"
                          preserveAspectRatio="xMidYMid meet"
                          role="img"
                          viewBox="0 0 16 16"
                          width="16"
                          xmlns="http://www.w3.org/2000/svg"
                        >
                          <path
                            d="M8 11L3 6 3.7 5.3 8 9.6 12.3 5.3 13 6z"
                          />
                          <title>
                            Open menu
                          </title>
                        </svg>
                      </div>
                    </button>
                    <ul
                      aria-labelledby="downshift-_r_4u_-label"
                      class="cds--list-box__menu"
                      id="downshift-_r_4u_-menu"
                      role="listbox"
                      style="position: fixed; left: 0px; top: 0px; visibility: visible; transform: translate(0px, 0px);"
                    />
                  </div>
                </div>
              </div>
              <div
                class="cds--sm:col-span-2 cds--md:col-span-4 cds--lg:col-span-8 cds--css-grid-column"
              >
                <div
                  class="cds--form-item"
                  data-testid="medication-start-date-picker-test-medication-1"
                >
                  <div
                    class="cds--date-picker cds--date-picker--single"
                  >
                    <div
                      class="cds--date-picker-container"
                    >
                      <label
                        class="cds--label cds--visually-hidden"
                        dir="auto"
                        for="start-date-test-medication-1"
                      >
                        Start date
                      </label>
                      <div
                        class="cds--date-picker-input__wrapper"
                      >
                        <span>
                          <input
                            aria-label="Start Date"
                            class="cds--date-picker__input cds--date-picker__input--sm flatpickr-input"
                            data-testid="medication-start-date-input-test-medication-1"
                            id="start-date-test-medication-1"
                            pattern="\\d{1,2}\\/\\d{1,2}\\/\\d{4}"
                            placeholder="d/m/Y"
                            type="text"
                          />
                          <svg
                            aria-hidden="true"
                            class="cds--date-picker__icon"
                            fill="currentColor"
                            focusable="false"
                            height="16"
                            preserveAspectRatio="xMidYMid meet"
                            role="img"
                            viewBox="0 0 32 32"
                            width="16"
                            xmlns="http://www.w3.org/2000/svg"
                          >
                            <path
                              d="M26,4h-4V2h-2v2h-8V2h-2v2H6C4.9,4,4,4.9,4,6v20c0,1.1,0.9,2,2,2h20c1.1,0,2-0.9,2-2V6C28,4.9,27.1,4,26,4z M26,26H6V12h20 V26z M26,10H6V6h4v2h2V6h8v2h2V6h4V10z"
                            />
                          </svg>
                        </span>
                      </div>
                    </div>
                  </div>
                </div>
              </div>
              <div
                class="cds--sm:col-span-4 cds--md:col-span-8 cds--lg:col-span-16 cds--css-grid-column"
              >
                <a
                  class="cds--link"
                  data-testid="medication-add-note-link-test-medication-1"
                  href="#"
                >
                  Add Note
                </a>
                <span
                  data-testid="medication-total-quantity-test-medication-1"
                >
                  Total quantity
                   : 
                  10
                   
                </span>
              </div>
            </div>
          </div>
          <div
            class="_close_i0b21_16 cds--sm:col-span-1 cds--md:col-span-1 cds--lg:col-span-1 cds--xlg:col-span-1 cds--css-grid-column"
          >
            <span
              class="cds--popover-container cds--popover--caret cds--popover--high-contrast cds--popover--top cds--tooltip cds--icon-tooltip"
            >
              <div
                class="cds--tooltip-trigger__wrapper"
              >
                <button
                  aria-label="Close Selected Item"
                  aria-labelledby="tooltip-_r_51_"
                  class="cds--btn cds--btn--lg cds--layout--size-lg cds--btn--primary cds--btn--icon-only"
                  data-testid="selected-item-close-button"
                  id="close-selected-item"
                  type="button"
                >
                  <svg
                    aria-hidden="true"
                    fill="currentColor"
                    focusable="false"
                    height="16"
                    preserveAspectRatio="xMidYMid meet"
                    viewBox="0 0 32 32"
                    width="16"
                    xmlns="http://www.w3.org/2000/svg"
                  >
                    <path
                      d="M17.4141 16L24 9.4141 22.5859 8 16 14.5859 9.4143 8 8 9.4141 14.5859 16 8 22.5859 9.4143 24 16 17.4141 22.5859 24 24 22.5859 17.4141 16z"
                    />
                  </svg>
                </button>
              </div>
              <span
                aria-hidden="true"
                class="cds--popover"
                id="tooltip-_r_51_"
                role="tooltip"
              >
                <span
                  class="cds--popover-content cds--tooltip-content"
                >
                  Selected Item Close
                </span>
                <span
                  class="cds--popover-caret"
                />
              </span>
            </span>
          </div>
        </div>
      </div>
    </div>
  </div>
</div>
`;
